
Discarded input sections

 .data          0x0000000000000000        0x0 build/obj/crt0_v7m.o
 .bss           0x0000000000000000        0x0 build/obj/crt0_v7m.o
 .data          0x0000000000000000        0x0 build/obj/chcoreasm_v7m.o
 .bss           0x0000000000000000        0x0 build/obj/chcoreasm_v7m.o
 .text          0x0000000000000000        0x0 /var/folders/1z/0c84_lc574z3v3cssbkvvzmw0000gn/T//ccQgjFON.ltrans0.ltrans.o
 .data          0x0000000000000000        0x0 /var/folders/1z/0c84_lc574z3v3cssbkvvzmw0000gn/T//ccQgjFON.ltrans0.ltrans.o
 .bss           0x0000000000000000        0x0 /var/folders/1z/0c84_lc574z3v3cssbkvvzmw0000gn/T//ccQgjFON.ltrans0.ltrans.o

Memory Configuration

Name             Origin             Length             Attributes
flash0           0x0000000008000000 0x0000000000100000
flash1           0x0000000000000000 0x0000000000000000
flash2           0x0000000000000000 0x0000000000000000
flash3           0x0000000000000000 0x0000000000000000
flash4           0x0000000000000000 0x0000000000000000
flash5           0x0000000000000000 0x0000000000000000
flash6           0x0000000000000000 0x0000000000000000
flash7           0x0000000000000000 0x0000000000000000
ram0             0x0000000020000000 0x0000000000030000
ram1             0x0000000020000000 0x000000000001c000
ram2             0x000000002001c000 0x0000000000004000
ram3             0x0000000020020000 0x0000000000010000
ram4             0x0000000010000000 0x0000000000010000
ram5             0x0000000040024000 0x0000000000001000
ram6             0x0000000000000000 0x0000000000000000
ram7             0x0000000000000000 0x0000000000000000
*default*        0x0000000000000000 0xffffffffffffffff

Linker script and memory map

LOAD build/obj/crt0_v7m.o
LOAD build/obj/chcoreasm_v7m.o
LOAD /var/folders/1z/0c84_lc574z3v3cssbkvvzmw0000gn/T//ccQgjFON.ltrans0.ltrans.o

.mstack         0x0000000020000000      0x400
                0x0000000020000000                . = ALIGN (0x8)
                0x0000000020000000                __main_stack_base__ = .
                0x0000000020000400                . = (. + __main_stack_size__)
 *fill*         0x0000000020000000      0x400 
                0x0000000020000400                . = ALIGN (0x8)
                0x0000000020000400                __main_stack_end__ = .

.pstack         0x0000000020000400      0x400
                0x0000000020000400                __process_stack_base__ = .
                0x0000000020000400                __main_thread_stack_base__ = .
                0x0000000020000800                . = (. + __process_stack_size__)
 *fill*         0x0000000020000400      0x400 
                0x0000000020000800                . = ALIGN (0x8)
                0x0000000020000800                __process_stack_end__ = .
                0x0000000020000800                __main_thread_stack_end__ = .

.vectors        0x0000000008000000      0x1c0
 *(.vectors)
 .vectors       0x0000000008000000      0x1c0 /var/folders/1z/0c84_lc574z3v3cssbkvvzmw0000gn/T//ccQgjFON.ltrans0.ltrans.o
                0x0000000008000000                _vectors

.xtors          0x00000000080001c0        0x0
                0x00000000080001c0                __init_array_start = .
 *(SORT_BY_NAME(.init_array.*))
 *(.init_array)
                0x00000000080001c0                __init_array_end = .
                0x00000000080001c0                __fini_array_start = .
 *(.fini_array)
 *(SORT_BY_NAME(.fini_array.*))
                0x00000000080001c0                __fini_array_end = .

.text           0x00000000080001c0     0x1d84
 *(.text)
 .text          0x00000000080001c0       0xd4 build/obj/crt0_v7m.o
                0x00000000080001c0                Reset_Handler
 .text          0x0000000008000294       0x28 build/obj/chcoreasm_v7m.o
                0x0000000008000294                _port_switch
                0x00000000080002a4                _port_thread_start
                0x00000000080002b4                _port_switch_from_isr
                0x00000000080002b8                _port_exit_from_isr
 *(.text.*)
 *fill*         0x00000000080002bc        0x4 
 .text.chTMStartMeasurementX.constprop.30
                0x00000000080002c0        0xc /var/folders/1z/0c84_lc574z3v3cssbkvvzmw0000gn/T//ccQgjFON.ltrans0.ltrans.o
 *fill*         0x00000000080002cc        0x4 
 .text.chCoreAllocAligned
                0x00000000080002d0       0x40 /var/folders/1z/0c84_lc574z3v3cssbkvvzmw0000gn/T//ccQgjFON.ltrans0.ltrans.o
 .text.notify2  0x0000000008000310       0x10 /var/folders/1z/0c84_lc574z3v3cssbkvvzmw0000gn/T//ccQgjFON.ltrans0.ltrans.o
 .text._pal_lld_setgroupmode
                0x0000000008000320       0xb0 /var/folders/1z/0c84_lc574z3v3cssbkvvzmw0000gn/T//ccQgjFON.ltrans0.ltrans.o
 .text._port_irq_epilogue
                0x00000000080003d0       0x5c /var/folders/1z/0c84_lc574z3v3cssbkvvzmw0000gn/T//ccQgjFON.ltrans0.ltrans.o
 *fill*         0x000000000800042c        0x4 
 .text.VectorD4
                0x0000000008000430       0x7c /var/folders/1z/0c84_lc574z3v3cssbkvvzmw0000gn/T//ccQgjFON.ltrans0.ltrans.o
 *fill*         0x00000000080004ac        0x4 
 .text.VectorB0
                0x00000000080004b0       0x94 /var/folders/1z/0c84_lc574z3v3cssbkvvzmw0000gn/T//ccQgjFON.ltrans0.ltrans.o
 *fill*         0x0000000008000544        0xc 
 .text.Vector158
                0x0000000008000550       0x2c /var/folders/1z/0c84_lc574z3v3cssbkvvzmw0000gn/T//ccQgjFON.ltrans0.ltrans.o
 *fill*         0x000000000800057c        0x4 
 .text.Vector154
                0x0000000008000580       0x2c /var/folders/1z/0c84_lc574z3v3cssbkvvzmw0000gn/T//ccQgjFON.ltrans0.ltrans.o
 *fill*         0x00000000080005ac        0x4 
 .text.Vector150
                0x00000000080005b0       0x2c /var/folders/1z/0c84_lc574z3v3cssbkvvzmw0000gn/T//ccQgjFON.ltrans0.ltrans.o
 *fill*         0x00000000080005dc        0x4 
 .text.Vector130
                0x00000000080005e0       0x28 /var/folders/1z/0c84_lc574z3v3cssbkvvzmw0000gn/T//ccQgjFON.ltrans0.ltrans.o
 *fill*         0x0000000008000608        0x8 
 .text.Vector12C
                0x0000000008000610       0x2c /var/folders/1z/0c84_lc574z3v3cssbkvvzmw0000gn/T//ccQgjFON.ltrans0.ltrans.o
 *fill*         0x000000000800063c        0x4 
 .text.Vector128
                0x0000000008000640       0x2c /var/folders/1z/0c84_lc574z3v3cssbkvvzmw0000gn/T//ccQgjFON.ltrans0.ltrans.o
 *fill*         0x000000000800066c        0x4 
 .text.Vector124
                0x0000000008000670       0x2c /var/folders/1z/0c84_lc574z3v3cssbkvvzmw0000gn/T//ccQgjFON.ltrans0.ltrans.o
 *fill*         0x000000000800069c        0x4 
 .text.Vector120
                0x00000000080006a0       0x28 /var/folders/1z/0c84_lc574z3v3cssbkvvzmw0000gn/T//ccQgjFON.ltrans0.ltrans.o
 *fill*         0x00000000080006c8        0x8 
 .text.VectorFC
                0x00000000080006d0       0x2c /var/folders/1z/0c84_lc574z3v3cssbkvvzmw0000gn/T//ccQgjFON.ltrans0.ltrans.o
 *fill*         0x00000000080006fc        0x4 
 .text.Vector84
                0x0000000008000700       0x2c /var/folders/1z/0c84_lc574z3v3cssbkvvzmw0000gn/T//ccQgjFON.ltrans0.ltrans.o
 *fill*         0x000000000800072c        0x4 
 .text.Vector80
                0x0000000008000730       0x2c /var/folders/1z/0c84_lc574z3v3cssbkvvzmw0000gn/T//ccQgjFON.ltrans0.ltrans.o
 *fill*         0x000000000800075c        0x4 
 .text.Vector7C
                0x0000000008000760       0x28 /var/folders/1z/0c84_lc574z3v3cssbkvvzmw0000gn/T//ccQgjFON.ltrans0.ltrans.o
 *fill*         0x0000000008000788        0x8 
 .text.Vector78
                0x0000000008000790       0x2c /var/folders/1z/0c84_lc574z3v3cssbkvvzmw0000gn/T//ccQgjFON.ltrans0.ltrans.o
 *fill*         0x00000000080007bc        0x4 
 .text.Vector74
                0x00000000080007c0       0x2c /var/folders/1z/0c84_lc574z3v3cssbkvvzmw0000gn/T//ccQgjFON.ltrans0.ltrans.o
 *fill*         0x00000000080007ec        0x4 
 .text.Vector70
                0x00000000080007f0       0x2c /var/folders/1z/0c84_lc574z3v3cssbkvvzmw0000gn/T//ccQgjFON.ltrans0.ltrans.o
 *fill*         0x000000000800081c        0x4 
 .text.Vector6C
                0x0000000008000820       0x28 /var/folders/1z/0c84_lc574z3v3cssbkvvzmw0000gn/T//ccQgjFON.ltrans0.ltrans.o
 *fill*         0x0000000008000848        0x8 
 .text.SVC_Handler
                0x0000000008000850       0x1c /var/folders/1z/0c84_lc574z3v3cssbkvvzmw0000gn/T//ccQgjFON.ltrans0.ltrans.o
 *fill*         0x000000000800086c        0x4 
 .text.chTMStopMeasurementX
                0x0000000008000870       0x44 /var/folders/1z/0c84_lc574z3v3cssbkvvzmw0000gn/T//ccQgjFON.ltrans0.ltrans.o
 *fill*         0x00000000080008b4        0xc 
 .text.wakeup   0x00000000080008c0       0x70 /var/folders/1z/0c84_lc574z3v3cssbkvvzmw0000gn/T//ccQgjFON.ltrans0.ltrans.o
 .text.chSchReadyI
                0x0000000008000930       0x28 /var/folders/1z/0c84_lc574z3v3cssbkvvzmw0000gn/T//ccQgjFON.ltrans0.ltrans.o
 *fill*         0x0000000008000958        0x8 
 .text.chThdDequeueAllI.constprop.26
                0x0000000008000960       0x24 /var/folders/1z/0c84_lc574z3v3cssbkvvzmw0000gn/T//ccQgjFON.ltrans0.ltrans.o
 *fill*         0x0000000008000984        0xc 
 .text.chEvtBroadcastFlagsI
                0x0000000008000990       0x58 /var/folders/1z/0c84_lc574z3v3cssbkvvzmw0000gn/T//ccQgjFON.ltrans0.ltrans.o
 *fill*         0x00000000080009e8        0x8 
 .text.VectorD8
                0x00000000080009f0      0x1cc /var/folders/1z/0c84_lc574z3v3cssbkvvzmw0000gn/T//ccQgjFON.ltrans0.ltrans.o
 *fill*         0x0000000008000bbc        0x4 
 .text.can_lld_sce_handler
                0x0000000008000bc0       0x50 /var/folders/1z/0c84_lc574z3v3cssbkvvzmw0000gn/T//ccQgjFON.ltrans0.ltrans.o
 .text.Vector148
                0x0000000008000c10       0x14 /var/folders/1z/0c84_lc574z3v3cssbkvvzmw0000gn/T//ccQgjFON.ltrans0.ltrans.o
 *fill*         0x0000000008000c24        0xc 
 .text.Vector98
                0x0000000008000c30       0x14 /var/folders/1z/0c84_lc574z3v3cssbkvvzmw0000gn/T//ccQgjFON.ltrans0.ltrans.o
 *fill*         0x0000000008000c44        0xc 
 .text.can_lld_rx1_handler
                0x0000000008000c50       0x54 /var/folders/1z/0c84_lc574z3v3cssbkvvzmw0000gn/T//ccQgjFON.ltrans0.ltrans.o
 *fill*         0x0000000008000ca4        0xc 
 .text.Vector144
                0x0000000008000cb0       0x14 /var/folders/1z/0c84_lc574z3v3cssbkvvzmw0000gn/T//ccQgjFON.ltrans0.ltrans.o
 *fill*         0x0000000008000cc4        0xc 
 .text.Vector94
                0x0000000008000cd0       0x14 /var/folders/1z/0c84_lc574z3v3cssbkvvzmw0000gn/T//ccQgjFON.ltrans0.ltrans.o
 *fill*         0x0000000008000ce4        0xc 
 .text.can_lld_rx0_handler
                0x0000000008000cf0       0x54 /var/folders/1z/0c84_lc574z3v3cssbkvvzmw0000gn/T//ccQgjFON.ltrans0.ltrans.o
 *fill*         0x0000000008000d44        0xc 
 .text.Vector140
                0x0000000008000d50       0x14 /var/folders/1z/0c84_lc574z3v3cssbkvvzmw0000gn/T//ccQgjFON.ltrans0.ltrans.o
 *fill*         0x0000000008000d64        0xc 
 .text.Vector90
                0x0000000008000d70       0x14 /var/folders/1z/0c84_lc574z3v3cssbkvvzmw0000gn/T//ccQgjFON.ltrans0.ltrans.o
 *fill*         0x0000000008000d84        0xc 
 .text.can_lld_tx_handler
                0x0000000008000d90       0x60 /var/folders/1z/0c84_lc574z3v3cssbkvvzmw0000gn/T//ccQgjFON.ltrans0.ltrans.o
 .text.Vector13C
                0x0000000008000df0       0x14 /var/folders/1z/0c84_lc574z3v3cssbkvvzmw0000gn/T//ccQgjFON.ltrans0.ltrans.o
 *fill*         0x0000000008000e04        0xc 
 .text.Vector8C
                0x0000000008000e10       0x14 /var/folders/1z/0c84_lc574z3v3cssbkvvzmw0000gn/T//ccQgjFON.ltrans0.ltrans.o
 *fill*         0x0000000008000e24        0xc 
 .text._idle_thread
                0x0000000008000e30        0x4 /var/folders/1z/0c84_lc574z3v3cssbkvvzmw0000gn/T//ccQgjFON.ltrans0.ltrans.o
 *fill*         0x0000000008000e34        0xc 
 .text._unhandled_exception
                0x0000000008000e40        0x4 /var/folders/1z/0c84_lc574z3v3cssbkvvzmw0000gn/T//ccQgjFON.ltrans0.ltrans.o
 *fill*         0x0000000008000e44        0xc 
 .text.chSchWakeupS.constprop.35
                0x0000000008000e50       0x5c /var/folders/1z/0c84_lc574z3v3cssbkvvzmw0000gn/T//ccQgjFON.ltrans0.ltrans.o
 *fill*         0x0000000008000eac        0x4 
 .text.chThdCreateStatic.constprop.28
                0x0000000008000eb0       0x8c /var/folders/1z/0c84_lc574z3v3cssbkvvzmw0000gn/T//ccQgjFON.ltrans0.ltrans.o
 *fill*         0x0000000008000f3c        0x4 
 .text.chSchGoSleepS
                0x0000000008000f40       0x28 /var/folders/1z/0c84_lc574z3v3cssbkvvzmw0000gn/T//ccQgjFON.ltrans0.ltrans.o
 *fill*         0x0000000008000f68        0x8 
 .text.chSchGoSleepTimeoutS
                0x0000000008000f70      0x114 /var/folders/1z/0c84_lc574z3v3cssbkvvzmw0000gn/T//ccQgjFON.ltrans0.ltrans.o
 *fill*         0x0000000008001084        0xc 
 .text.chThdEnqueueTimeoutS
                0x0000000008001090       0x28 /var/folders/1z/0c84_lc574z3v3cssbkvvzmw0000gn/T//ccQgjFON.ltrans0.ltrans.o
 *fill*         0x00000000080010b8        0x8 
 .text.can_tx   0x00000000080010c0       0xbc /var/folders/1z/0c84_lc574z3v3cssbkvvzmw0000gn/T//ccQgjFON.ltrans0.ltrans.o
 *fill*         0x000000000800117c        0x4 
 .text.oqWriteTimeout
                0x0000000008001180       0xac /var/folders/1z/0c84_lc574z3v3cssbkvvzmw0000gn/T//ccQgjFON.ltrans0.ltrans.o
 *fill*         0x000000000800122c        0x4 
 .text._writet  0x0000000008001230        0x8 /var/folders/1z/0c84_lc574z3v3cssbkvvzmw0000gn/T//ccQgjFON.ltrans0.ltrans.o
 *fill*         0x0000000008001238        0x8 
 .text._write   0x0000000008001240        0xc /var/folders/1z/0c84_lc574z3v3cssbkvvzmw0000gn/T//ccQgjFON.ltrans0.ltrans.o
 *fill*         0x000000000800124c        0x4 
 .text.oqPutTimeout
                0x0000000008001250       0x50 /var/folders/1z/0c84_lc574z3v3cssbkvvzmw0000gn/T//ccQgjFON.ltrans0.ltrans.o
 .text._putt    0x00000000080012a0        0x8 /var/folders/1z/0c84_lc574z3v3cssbkvvzmw0000gn/T//ccQgjFON.ltrans0.ltrans.o
 *fill*         0x00000000080012a8        0x8 
 .text._put     0x00000000080012b0        0xc /var/folders/1z/0c84_lc574z3v3cssbkvvzmw0000gn/T//ccQgjFON.ltrans0.ltrans.o
 *fill*         0x00000000080012bc        0x4 
 .text.iqReadTimeout
                0x00000000080012c0       0xac /var/folders/1z/0c84_lc574z3v3cssbkvvzmw0000gn/T//ccQgjFON.ltrans0.ltrans.o
 *fill*         0x000000000800136c        0x4 
 .text._readt   0x0000000008001370        0x8 /var/folders/1z/0c84_lc574z3v3cssbkvvzmw0000gn/T//ccQgjFON.ltrans0.ltrans.o
 *fill*         0x0000000008001378        0x8 
 .text._read    0x0000000008001380        0xc /var/folders/1z/0c84_lc574z3v3cssbkvvzmw0000gn/T//ccQgjFON.ltrans0.ltrans.o
 *fill*         0x000000000800138c        0x4 
 .text.iqGetTimeout
                0x0000000008001390       0x54 /var/folders/1z/0c84_lc574z3v3cssbkvvzmw0000gn/T//ccQgjFON.ltrans0.ltrans.o
 *fill*         0x00000000080013e4        0xc 
 .text._gett    0x00000000080013f0        0x8 /var/folders/1z/0c84_lc574z3v3cssbkvvzmw0000gn/T//ccQgjFON.ltrans0.ltrans.o
 *fill*         0x00000000080013f8        0x8 
 .text._get     0x0000000008001400        0xc /var/folders/1z/0c84_lc574z3v3cssbkvvzmw0000gn/T//ccQgjFON.ltrans0.ltrans.o
 *fill*         0x000000000800140c        0x4 
 .text.can_lld_start
                0x0000000008001410       0xdc /var/folders/1z/0c84_lc574z3v3cssbkvvzmw0000gn/T//ccQgjFON.ltrans0.ltrans.o
 *fill*         0x00000000080014ec        0x4 
 .text.can_rx   0x00000000080014f0      0x12c /var/folders/1z/0c84_lc574z3v3cssbkvvzmw0000gn/T//ccQgjFON.ltrans0.ltrans.o
 *fill*         0x000000000800161c        0x4 
 .text.startup.main
                0x0000000008001620      0x710 /var/folders/1z/0c84_lc574z3v3cssbkvvzmw0000gn/T//ccQgjFON.ltrans0.ltrans.o
                0x0000000008001620                main
 .text.__early_init
                0x0000000008001d30       0xf0 /var/folders/1z/0c84_lc574z3v3cssbkvvzmw0000gn/T//ccQgjFON.ltrans0.ltrans.o
                0x0000000008001d30                __early_init
 .text.chThdExit
                0x0000000008001e20       0x50 /var/folders/1z/0c84_lc574z3v3cssbkvvzmw0000gn/T//ccQgjFON.ltrans0.ltrans.o
                0x0000000008001e20                chThdExit
 .text.chSchDoReschedule
                0x0000000008001e70       0x40 /var/folders/1z/0c84_lc574z3v3cssbkvvzmw0000gn/T//ccQgjFON.ltrans0.ltrans.o
                0x0000000008001e70                chSchDoReschedule
 .text.__init_ram_areas
                0x0000000008001eb0       0x68 /var/folders/1z/0c84_lc574z3v3cssbkvvzmw0000gn/T//ccQgjFON.ltrans0.ltrans.o
                0x0000000008001eb0                __init_ram_areas
 *fill*         0x0000000008001f18        0x8 
 .text.__default_exit
                0x0000000008001f20        0x4 /var/folders/1z/0c84_lc574z3v3cssbkvvzmw0000gn/T//ccQgjFON.ltrans0.ltrans.o
                0x0000000008001f20                __default_exit
 *fill*         0x0000000008001f24        0xc 
 .text.__late_init
                0x0000000008001f30        0x4 /var/folders/1z/0c84_lc574z3v3cssbkvvzmw0000gn/T//ccQgjFON.ltrans0.ltrans.o
                0x0000000008001f30                __late_init
 *fill*         0x0000000008001f34        0xc 
 .text.__core_init
                0x0000000008001f40        0x4 /var/folders/1z/0c84_lc574z3v3cssbkvvzmw0000gn/T//ccQgjFON.ltrans0.ltrans.o
                0x0000000008001f40                __core_init
 *(.glue_7t)
 .glue_7t       0x0000000008001f44        0x0 linker stubs
 *(.glue_7)
 .glue_7        0x0000000008001f44        0x0 linker stubs
 *(.gcc*)

.vfp11_veneer   0x0000000008001f44        0x0
 .vfp11_veneer  0x0000000008001f44        0x0 linker stubs

.v4_bx          0x0000000008001f44        0x0
 .v4_bx         0x0000000008001f44        0x0 linker stubs

.iplt           0x0000000008001f44        0x0
 .iplt          0x0000000008001f44        0x0 build/obj/crt0_v7m.o

.rodata         0x0000000008001f44      0x1b8
                0x0000000008001f44                . = ALIGN (0x4)
                0x0000000008001f44                __rodata_base__ = .
 *(.rodata)
 *(.rodata.*)
 .rodata._stm32_dma_streams
                0x0000000008001f44       0xc0 /var/folders/1z/0c84_lc574z3v3cssbkvvzmw0000gn/T//ccQgjFON.ltrans0.ltrans.o
 .rodata.can1   0x0000000008002004        0x8 /var/folders/1z/0c84_lc574z3v3cssbkvvzmw0000gn/T//ccQgjFON.ltrans0.ltrans.o
 .rodata.can2   0x000000000800200c        0x8 /var/folders/1z/0c84_lc574z3v3cssbkvvzmw0000gn/T//ccQgjFON.ltrans0.ltrans.o
 .rodata.can_rx.str1.4
                0x0000000008002014        0x9 /var/folders/1z/0c84_lc574z3v3cssbkvvzmw0000gn/T//ccQgjFON.ltrans0.ltrans.o
 *fill*         0x000000000800201d        0x3 
 .rodata.can_tx.str1.4
                0x0000000008002020        0xc /var/folders/1z/0c84_lc574z3v3cssbkvvzmw0000gn/T//ccQgjFON.ltrans0.ltrans.o
 .rodata.cancfg
                0x000000000800202c        0x8 /var/folders/1z/0c84_lc574z3v3cssbkvvzmw0000gn/T//ccQgjFON.ltrans0.ltrans.o
 .rodata.chThdCreateStatic.constprop.28.str1.4
                0x0000000008002034        0x7 /var/folders/1z/0c84_lc574z3v3cssbkvvzmw0000gn/T//ccQgjFON.ltrans0.ltrans.o
 *fill*         0x000000000800203b        0x1 
 .rodata.ch_debug
                0x000000000800203c       0x16 /var/folders/1z/0c84_lc574z3v3cssbkvvzmw0000gn/T//ccQgjFON.ltrans0.ltrans.o
 *fill*         0x0000000008002052        0x2 
 .rodata.main.str1.4
                0x0000000008002054        0x8 /var/folders/1z/0c84_lc574z3v3cssbkvvzmw0000gn/T//ccQgjFON.ltrans0.ltrans.o
                                          0x5 (size before relaxing)
 .rodata.ram_areas
                0x000000000800205c       0x80 /var/folders/1z/0c84_lc574z3v3cssbkvvzmw0000gn/T//ccQgjFON.ltrans0.ltrans.o
 .rodata.vmt    0x00000000080020dc       0x20 /var/folders/1z/0c84_lc574z3v3cssbkvvzmw0000gn/T//ccQgjFON.ltrans0.ltrans.o
                0x00000000080020fc                . = ALIGN (0x4)
                0x00000000080020fc                __rodata_end__ = .

.rel.dyn        0x00000000080020fc        0x0
 .rel.iplt      0x00000000080020fc        0x0 build/obj/crt0_v7m.o

.ARM.extab
 *(.ARM.extab* .gnu.linkonce.armextab.*)

.ARM.exidx      0x00000000080020fc        0x0
                0x00000000080020fc                __exidx_start = .
 *(.ARM.exidx* .gnu.linkonce.armexidx.*)
                0x00000000080020fc                __exidx_end = .

.eh_frame_hdr
 *(.eh_frame_hdr)

.eh_frame
 *(.eh_frame)
                0x0000000020000000                __ram0_start__ = ORIGIN (ram0)
                0x0000000000030000                __ram0_size__ = LENGTH (ram0)
                0x0000000020030000                __ram0_end__ = (__ram0_start__ + __ram0_size__)
                0x0000000020000000                __ram1_start__ = ORIGIN (ram1)
                0x000000000001c000                __ram1_size__ = LENGTH (ram1)
                0x000000002001c000                __ram1_end__ = (__ram1_start__ + __ram1_size__)
                0x000000002001c000                __ram2_start__ = ORIGIN (ram2)
                0x0000000000004000                __ram2_size__ = LENGTH (ram2)
                0x0000000020020000                __ram2_end__ = (__ram2_start__ + __ram2_size__)
                0x0000000020020000                __ram3_start__ = ORIGIN (ram3)
                0x0000000000010000                __ram3_size__ = LENGTH (ram3)
                0x0000000020030000                __ram3_end__ = (__ram3_start__ + __ram3_size__)
                0x0000000010000000                __ram4_start__ = ORIGIN (ram4)
                0x0000000000010000                __ram4_size__ = LENGTH (ram4)
                0x0000000010010000                __ram4_end__ = (__ram4_start__ + __ram4_size__)
                0x0000000040024000                __ram5_start__ = ORIGIN (ram5)
                0x0000000000001000                __ram5_size__ = LENGTH (ram5)
                0x0000000040025000                __ram5_end__ = (__ram5_start__ + __ram5_size__)
                0x0000000000000000                __ram6_start__ = ORIGIN (ram6)
                0x0000000000000000                __ram6_size__ = LENGTH (ram6)
                0x0000000000000000                __ram6_end__ = (__ram6_start__ + __ram6_size__)
                0x0000000000000000                __ram7_start__ = ORIGIN (ram7)
                0x0000000000000000                __ram7_size__ = LENGTH (ram7)
                0x0000000000000000                __ram7_end__ = (__ram7_start__ + __ram7_size__)

.data           0x0000000020000800        0x0 load address 0x00000000080020fc
                0x0000000020000800                . = ALIGN (0x4)
                [!provide]                        PROVIDE (_textdata, LOADADDR (.data))
                [!provide]                        PROVIDE (_data, .)
                0x00000000080020fc                _textdata_start = LOADADDR (.data)
                0x0000000020000800                _data_start = .
 *(.data)
 *(.data.*)
 *(.ramtext)
                0x0000000020000800                . = ALIGN (0x4)
                [!provide]                        PROVIDE (_edata, .)
                0x0000000020000800                _data_end = .

.igot.plt       0x0000000020000800        0x0 load address 0x00000000080020fc
 .igot.plt      0x0000000020000800        0x0 build/obj/crt0_v7m.o

.bss            0x0000000020000800      0x848 load address 0x00000000080020fc
                0x0000000020000800                . = ALIGN (0x4)
                0x0000000020000800                _bss_start = .
 *(.bss)
 *(.bss.*)
 .bss.CAND1     0x0000000020000800       0x30 /var/folders/1z/0c84_lc574z3v3cssbkvvzmw0000gn/T//ccQgjFON.ltrans0.ltrans.o
 .bss.CAND2     0x0000000020000830       0x30 /var/folders/1z/0c84_lc574z3v3cssbkvvzmw0000gn/T//ccQgjFON.ltrans0.ltrans.o
 .bss.SD2       0x0000000020000860       0x7c /var/folders/1z/0c84_lc574z3v3cssbkvvzmw0000gn/T//ccQgjFON.ltrans0.ltrans.o
 .bss.UARTD1    0x00000000200008dc       0x1c /var/folders/1z/0c84_lc574z3v3cssbkvvzmw0000gn/T//ccQgjFON.ltrans0.ltrans.o
 .bss.can_rx1_wa
                0x00000000200008f8      0x1c8 /var/folders/1z/0c84_lc574z3v3cssbkvvzmw0000gn/T//ccQgjFON.ltrans0.ltrans.o
 .bss.can_rx2_wa
                0x0000000020000ac0      0x1c8 /var/folders/1z/0c84_lc574z3v3cssbkvvzmw0000gn/T//ccQgjFON.ltrans0.ltrans.o
 .bss.can_tx_wa
                0x0000000020000c88      0x1c8 /var/folders/1z/0c84_lc574z3v3cssbkvvzmw0000gn/T//ccQgjFON.ltrans0.ltrans.o
 .bss.ch        0x0000000020000e50       0x78 /var/folders/1z/0c84_lc574z3v3cssbkvvzmw0000gn/T//ccQgjFON.ltrans0.ltrans.o
 .bss.ch_idle_thread_wa
                0x0000000020000ec8       0xd8 /var/folders/1z/0c84_lc574z3v3cssbkvvzmw0000gn/T//ccQgjFON.ltrans0.ltrans.o
 .bss.default_heap
                0x0000000020000fa0       0x20 /var/folders/1z/0c84_lc574z3v3cssbkvvzmw0000gn/T//ccQgjFON.ltrans0.ltrans.o
 .bss.dma_isr_redir
                0x0000000020000fc0       0x80 /var/folders/1z/0c84_lc574z3v3cssbkvvzmw0000gn/T//ccQgjFON.ltrans0.ltrans.o
 .bss.endmem    0x0000000020001040        0x4 /var/folders/1z/0c84_lc574z3v3cssbkvvzmw0000gn/T//ccQgjFON.ltrans0.ltrans.o
 .bss.nextmem   0x0000000020001044        0x4 /var/folders/1z/0c84_lc574z3v3cssbkvvzmw0000gn/T//ccQgjFON.ltrans0.ltrans.o
 *(COMMON)
                0x0000000020001048                . = ALIGN (0x4)
                0x0000000020001048                _bss_end = .
                [!provide]                        PROVIDE (end, .)

.ram0_init      0x0000000020001048        0x0 load address 0x00000000080020fc
                0x0000000020001048                . = ALIGN (0x4)
                0x00000000080020fc                __ram0_init_text__ = LOADADDR (.ram0_init)
                0x0000000020001048                __ram0_init__ = .
 *(.ram0_init)
 *(.ram0_init.*)
                0x0000000020001048                . = ALIGN (0x4)

.ram0           0x0000000020001048        0x0 load address 0x00000000080020fc
                0x0000000020001048                . = ALIGN (0x4)
                0x0000000020001048                __ram0_clear__ = .
 *(.ram0_clear)
 *(.ram0_clear.*)
                0x0000000020001048                . = ALIGN (0x4)
                0x0000000020001048                __ram0_noinit__ = .
 *(.ram0)
 *(.ram0.*)
                0x0000000020001048                . = ALIGN (0x4)
                0x0000000020001048                __ram0_free__ = .

.ram1_init      0x0000000020000000        0x0 load address 0x00000000080020fc
                0x0000000020000000                . = ALIGN (0x4)
                0x00000000080020fc                __ram1_init_text__ = LOADADDR (.ram1_init)
                0x0000000020000000                __ram1_init__ = .
 *(.ram1_init)
 *(.ram1_init.*)
                0x0000000020000000                . = ALIGN (0x4)

.ram1           0x0000000020000000        0x0 load address 0x00000000080020fc
                0x0000000020000000                . = ALIGN (0x4)
                0x0000000020000000                __ram1_clear__ = .
 *(.ram1_clear)
 *(.ram1_clear.*)
                0x0000000020000000                . = ALIGN (0x4)
                0x0000000020000000                __ram1_noinit__ = .
 *(.ram1)
 *(.ram1.*)
                0x0000000020000000                . = ALIGN (0x4)
                0x0000000020000000                __ram1_free__ = .

.ram2_init      0x000000002001c000        0x0 load address 0x00000000080020fc
                0x000000002001c000                . = ALIGN (0x4)
                0x00000000080020fc                __ram2_init_text__ = LOADADDR (.ram2_init)
                0x000000002001c000                __ram2_init__ = .
 *(.ram2_init)
 *(.ram2_init.*)
                0x000000002001c000                . = ALIGN (0x4)

.ram2           0x000000002001c000        0x0 load address 0x00000000080020fc
                0x000000002001c000                . = ALIGN (0x4)
                0x000000002001c000                __ram2_clear__ = .
 *(.ram2_clear)
 *(.ram2_clear.*)
                0x000000002001c000                . = ALIGN (0x4)
                0x000000002001c000                __ram2_noinit__ = .
 *(.ram2)
 *(.ram2.*)
                0x000000002001c000                . = ALIGN (0x4)
                0x000000002001c000                __ram2_free__ = .

.ram3_init      0x0000000020020000        0x0 load address 0x00000000080020fc
                0x0000000020020000                . = ALIGN (0x4)
                0x00000000080020fc                __ram3_init_text__ = LOADADDR (.ram3_init)
                0x0000000020020000                __ram3_init__ = .
 *(.ram3_init)
 *(.ram3_init.*)
                0x0000000020020000                . = ALIGN (0x4)

.ram3           0x0000000020020000        0x0 load address 0x00000000080020fc
                0x0000000020020000                . = ALIGN (0x4)
                0x0000000020020000                __ram3_clear__ = .
 *(.ram3_clear)
 *(.ram3_clear.*)
                0x0000000020020000                . = ALIGN (0x4)
                0x0000000020020000                __ram3_noinit__ = .
 *(.ram3)
 *(.ram3.*)
                0x0000000020020000                . = ALIGN (0x4)
                0x0000000020020000                __ram3_free__ = .

.ram4_init      0x0000000010000000        0x0 load address 0x00000000080020fc
                0x0000000010000000                . = ALIGN (0x4)
                0x00000000080020fc                __ram4_init_text__ = LOADADDR (.ram4_init)
                0x0000000010000000                __ram4_init__ = .
 *(.ram4_init)
 *(.ram4_init.*)
                0x0000000010000000                . = ALIGN (0x4)

.ram4           0x0000000010000000        0x0 load address 0x00000000080020fc
                0x0000000010000000                . = ALIGN (0x4)
                0x0000000010000000                __ram4_clear__ = .
 *(.ram4_clear)
 *(.ram4_clear.*)
                0x0000000010000000                . = ALIGN (0x4)
                0x0000000010000000                __ram4_noinit__ = .
 *(.ram4)
 *(.ram4.*)
                0x0000000010000000                . = ALIGN (0x4)
                0x0000000010000000                __ram4_free__ = .

.ram5_init      0x0000000040024000        0x0 load address 0x00000000080020fc
                0x0000000040024000                . = ALIGN (0x4)
                0x00000000080020fc                __ram5_init_text__ = LOADADDR (.ram5_init)
                0x0000000040024000                __ram5_init__ = .
 *(.ram5_init)
 *(.ram5_init.*)
                0x0000000040024000                . = ALIGN (0x4)

.ram5           0x0000000040024000        0x0 load address 0x00000000080020fc
                0x0000000040024000                . = ALIGN (0x4)
                0x0000000040024000                __ram5_clear__ = .
 *(.ram5_clear)
 *(.ram5_clear.*)
                0x0000000040024000                . = ALIGN (0x4)
                0x0000000040024000                __ram5_noinit__ = .
 *(.ram5)
 *(.ram5.*)
                0x0000000040024000                . = ALIGN (0x4)
                0x0000000040024000                __ram5_free__ = .

.ram6_init      0x0000000000000000        0x0 load address 0x00000000080020fc
                0x0000000000000000                . = ALIGN (0x4)
                0x00000000080020fc                __ram6_init_text__ = LOADADDR (.ram6_init)
                0x0000000000000000                __ram6_init__ = .
 *(.ram6_init)
 *(.ram6_init.*)
                0x0000000000000000                . = ALIGN (0x4)

.ram6           0x0000000000000000        0x0 load address 0x00000000080020fc
                0x0000000000000000                . = ALIGN (0x4)
                0x0000000000000000                __ram6_clear__ = .
 *(.ram6_clear)
 *(.ram6_clear.*)
                0x0000000000000000                . = ALIGN (0x4)
                0x0000000000000000                __ram6_noinit__ = .
 *(.ram6)
 *(.ram6.*)
                0x0000000000000000                . = ALIGN (0x4)
                0x0000000000000000                __ram6_free__ = .

.ram7_init      0x0000000000000000        0x0 load address 0x00000000080020fc
                0x0000000000000000                . = ALIGN (0x4)
                0x00000000080020fc                __ram7_init_text__ = LOADADDR (.ram7_init)
                0x0000000000000000                __ram7_init__ = .
 *(.ram7_init)
 *(.ram7_init.*)
                0x0000000000000000                . = ALIGN (0x4)

.ram7           0x0000000000000000        0x0 load address 0x00000000080020fc
                0x0000000000000000                . = ALIGN (0x4)
                0x0000000000000000                __ram7_clear__ = .
 *(.ram7_clear)
 *(.ram7_clear.*)
                0x0000000000000000                . = ALIGN (0x4)
                0x0000000000000000                __ram7_noinit__ = .
 *(.ram7)
 *(.ram7.*)
                0x0000000000000000                . = ALIGN (0x4)
                0x0000000000000000                __ram7_free__ = .

.heap           0x0000000020001048    0x2efb8
                0x0000000020001048                . = ALIGN (0x8)
                0x0000000020001048                __heap_base__ = .
                0x0000000020030000                . = (ORIGIN (HEAP_RAM) + LENGTH (HEAP_RAM))
 *fill*         0x0000000020001048    0x2efb8 
                0x0000000020030000                __heap_end__ = .
                0x0000000000000400                __process_stack_size__ = 0x400
                0x0000000000000400                __main_stack_size__ = 0x400
START GROUP
LOAD /usr/local/Caskroom/gcc-arm-embedded/7-2017-q4-major/gcc-arm-none-eabi-7-2017-q4-major/bin/../lib/gcc/arm-none-eabi/7.2.1/thumb/v7e-m/libgcc.a
LOAD /usr/local/Caskroom/gcc-arm-embedded/7-2017-q4-major/gcc-arm-none-eabi-7-2017-q4-major/bin/../lib/gcc/arm-none-eabi/7.2.1/../../../../arm-none-eabi/lib/thumb/v7e-m/libg.a
LOAD /usr/local/Caskroom/gcc-arm-embedded/7-2017-q4-major/gcc-arm-none-eabi-7-2017-q4-major/bin/../lib/gcc/arm-none-eabi/7.2.1/../../../../arm-none-eabi/lib/thumb/v7e-m/libc.a
END GROUP
OUTPUT(build/ch.elf elf32-littlearm)

.ARM.attributes
                0x0000000000000000       0x2d
 .ARM.attributes
                0x0000000000000000       0x21 build/obj/crt0_v7m.o
 .ARM.attributes
                0x0000000000000021       0x21 build/obj/chcoreasm_v7m.o
 .ARM.attributes
                0x0000000000000042       0x31 /var/folders/1z/0c84_lc574z3v3cssbkvvzmw0000gn/T//ccQgjFON.ltrans0.ltrans.o

.comment        0x0000000000000000       0x7e
 .comment       0x0000000000000000       0x7e /var/folders/1z/0c84_lc574z3v3cssbkvvzmw0000gn/T//ccQgjFON.ltrans0.ltrans.o
                                         0x7f (size before relaxing)

.debug_info     0x0000000000000000     0x854d
 .debug_info    0x0000000000000000     0x854d /var/folders/1z/0c84_lc574z3v3cssbkvvzmw0000gn/T//ccQgjFON.ltrans0.ltrans.o

.debug_abbrev   0x0000000000000000      0x779
 .debug_abbrev  0x0000000000000000      0x779 /var/folders/1z/0c84_lc574z3v3cssbkvvzmw0000gn/T//ccQgjFON.ltrans0.ltrans.o

.debug_loc      0x0000000000000000     0x2f4d
 .debug_loc     0x0000000000000000     0x2f4d /var/folders/1z/0c84_lc574z3v3cssbkvvzmw0000gn/T//ccQgjFON.ltrans0.ltrans.o

.debug_aranges  0x0000000000000000      0x250
 .debug_aranges
                0x0000000000000000      0x250 /var/folders/1z/0c84_lc574z3v3cssbkvvzmw0000gn/T//ccQgjFON.ltrans0.ltrans.o

.debug_ranges   0x0000000000000000     0x1538
 .debug_ranges  0x0000000000000000     0x1538 /var/folders/1z/0c84_lc574z3v3cssbkvvzmw0000gn/T//ccQgjFON.ltrans0.ltrans.o

.debug_line     0x0000000000000000     0x1bd7
 .debug_line    0x0000000000000000     0x1bd7 /var/folders/1z/0c84_lc574z3v3cssbkvvzmw0000gn/T//ccQgjFON.ltrans0.ltrans.o

.debug_str      0x0000000000000000     0x22c1
 .debug_str     0x0000000000000000     0x22c1 /var/folders/1z/0c84_lc574z3v3cssbkvvzmw0000gn/T//ccQgjFON.ltrans0.ltrans.o
                                       0x2403 (size before relaxing)

.debug_frame    0x0000000000000000      0x7e4
 .debug_frame   0x0000000000000000      0x7e4 /var/folders/1z/0c84_lc574z3v3cssbkvvzmw0000gn/T//ccQgjFON.ltrans0.ltrans.o

Cross Reference Table

Symbol                                            File
BusFault_Handler                                  build/obj/vectors.o (symbol from plugin)
CAND1                                             build/obj/hal_can_lld.o (symbol from plugin)
                                                  build/obj/main.o (symbol from plugin)
CAND2                                             build/obj/hal_can_lld.o (symbol from plugin)
                                                  build/obj/main.o (symbol from plugin)
DebugMon_Handler                                  build/obj/vectors.o (symbol from plugin)
HardFault_Handler                                 build/obj/vectors.o (symbol from plugin)
MemManage_Handler                                 build/obj/vectors.o (symbol from plugin)
NMI_Handler                                       build/obj/vectors.o (symbol from plugin)
PendSV_Handler                                    build/obj/vectors.o (symbol from plugin)
Reset_Handler                                     build/obj/crt0_v7m.o
                                                  /var/folders/1z/0c84_lc574z3v3cssbkvvzmw0000gn/T//ccQgjFON.ltrans0.ltrans.o
                                                  build/obj/vectors.o (symbol from plugin)
SD2                                               build/obj/hal_serial_lld.o (symbol from plugin)
                                                  build/obj/main.o (symbol from plugin)
SVC_Handler                                       build/obj/chcore_v7m.o (symbol from plugin)
                                                  build/obj/vectors.o (symbol from plugin)
SysTick_Handler                                   build/obj/vectors.o (symbol from plugin)
SystemCoreClock                                   build/obj/hal_lld.o (symbol from plugin)
UARTD1                                            build/obj/hal_uart_lld.o (symbol from plugin)
UsageFault_Handler                                build/obj/vectors.o (symbol from plugin)
Vector100                                         build/obj/vectors.o (symbol from plugin)
Vector104                                         build/obj/vectors.o (symbol from plugin)
Vector108                                         build/obj/vectors.o (symbol from plugin)
Vector10C                                         build/obj/vectors.o (symbol from plugin)
Vector110                                         build/obj/vectors.o (symbol from plugin)
Vector114                                         build/obj/vectors.o (symbol from plugin)
Vector118                                         build/obj/vectors.o (symbol from plugin)
Vector11C                                         build/obj/vectors.o (symbol from plugin)
Vector120                                         build/obj/stm32_dma.o (symbol from plugin)
                                                  build/obj/vectors.o (symbol from plugin)
Vector124                                         build/obj/stm32_dma.o (symbol from plugin)
                                                  build/obj/vectors.o (symbol from plugin)
Vector128                                         build/obj/stm32_dma.o (symbol from plugin)
                                                  build/obj/vectors.o (symbol from plugin)
Vector12C                                         build/obj/stm32_dma.o (symbol from plugin)
                                                  build/obj/vectors.o (symbol from plugin)
Vector130                                         build/obj/stm32_dma.o (symbol from plugin)
                                                  build/obj/vectors.o (symbol from plugin)
Vector134                                         build/obj/vectors.o (symbol from plugin)
Vector138                                         build/obj/vectors.o (symbol from plugin)
Vector13C                                         build/obj/hal_can_lld.o (symbol from plugin)
                                                  build/obj/vectors.o (symbol from plugin)
Vector140                                         build/obj/hal_can_lld.o (symbol from plugin)
                                                  build/obj/vectors.o (symbol from plugin)
Vector144                                         build/obj/hal_can_lld.o (symbol from plugin)
                                                  build/obj/vectors.o (symbol from plugin)
Vector148                                         build/obj/hal_can_lld.o (symbol from plugin)
                                                  build/obj/vectors.o (symbol from plugin)
Vector14C                                         build/obj/vectors.o (symbol from plugin)
Vector150                                         build/obj/stm32_dma.o (symbol from plugin)
                                                  build/obj/vectors.o (symbol from plugin)
Vector154                                         build/obj/stm32_dma.o (symbol from plugin)
                                                  build/obj/vectors.o (symbol from plugin)
Vector158                                         build/obj/stm32_dma.o (symbol from plugin)
                                                  build/obj/vectors.o (symbol from plugin)
Vector15C                                         build/obj/vectors.o (symbol from plugin)
Vector160                                         build/obj/vectors.o (symbol from plugin)
Vector164                                         build/obj/vectors.o (symbol from plugin)
Vector168                                         build/obj/vectors.o (symbol from plugin)
Vector16C                                         build/obj/vectors.o (symbol from plugin)
Vector170                                         build/obj/vectors.o (symbol from plugin)
Vector174                                         build/obj/vectors.o (symbol from plugin)
Vector178                                         build/obj/vectors.o (symbol from plugin)
Vector17C                                         build/obj/vectors.o (symbol from plugin)
Vector180                                         build/obj/vectors.o (symbol from plugin)
Vector184                                         build/obj/vectors.o (symbol from plugin)
Vector188                                         build/obj/vectors.o (symbol from plugin)
Vector18C                                         build/obj/vectors.o (symbol from plugin)
Vector190                                         build/obj/vectors.o (symbol from plugin)
Vector194                                         build/obj/vectors.o (symbol from plugin)
Vector198                                         build/obj/vectors.o (symbol from plugin)
Vector19C                                         build/obj/vectors.o (symbol from plugin)
Vector1A0                                         build/obj/vectors.o (symbol from plugin)
Vector1A4                                         build/obj/vectors.o (symbol from plugin)
Vector1A8                                         build/obj/vectors.o (symbol from plugin)
Vector1AC                                         build/obj/vectors.o (symbol from plugin)
Vector1B0                                         build/obj/vectors.o (symbol from plugin)
Vector1B4                                         build/obj/vectors.o (symbol from plugin)
Vector1B8                                         build/obj/vectors.o (symbol from plugin)
Vector1BC                                         build/obj/vectors.o (symbol from plugin)
Vector1C                                          build/obj/vectors.o (symbol from plugin)
Vector20                                          build/obj/vectors.o (symbol from plugin)
Vector24                                          build/obj/vectors.o (symbol from plugin)
Vector28                                          build/obj/vectors.o (symbol from plugin)
Vector34                                          build/obj/vectors.o (symbol from plugin)
Vector40                                          build/obj/vectors.o (symbol from plugin)
Vector44                                          build/obj/vectors.o (symbol from plugin)
Vector48                                          build/obj/vectors.o (symbol from plugin)
Vector4C                                          build/obj/vectors.o (symbol from plugin)
Vector50                                          build/obj/vectors.o (symbol from plugin)
Vector54                                          build/obj/vectors.o (symbol from plugin)
Vector58                                          build/obj/vectors.o (symbol from plugin)
Vector5C                                          build/obj/vectors.o (symbol from plugin)
Vector60                                          build/obj/vectors.o (symbol from plugin)
Vector64                                          build/obj/vectors.o (symbol from plugin)
Vector68                                          build/obj/vectors.o (symbol from plugin)
Vector6C                                          build/obj/stm32_dma.o (symbol from plugin)
                                                  build/obj/vectors.o (symbol from plugin)
Vector70                                          build/obj/stm32_dma.o (symbol from plugin)
                                                  build/obj/vectors.o (symbol from plugin)
Vector74                                          build/obj/stm32_dma.o (symbol from plugin)
                                                  build/obj/vectors.o (symbol from plugin)
Vector78                                          build/obj/stm32_dma.o (symbol from plugin)
                                                  build/obj/vectors.o (symbol from plugin)
Vector7C                                          build/obj/stm32_dma.o (symbol from plugin)
                                                  build/obj/vectors.o (symbol from plugin)
Vector80                                          build/obj/stm32_dma.o (symbol from plugin)
                                                  build/obj/vectors.o (symbol from plugin)
Vector84                                          build/obj/stm32_dma.o (symbol from plugin)
                                                  build/obj/vectors.o (symbol from plugin)
Vector88                                          build/obj/vectors.o (symbol from plugin)
Vector8C                                          build/obj/hal_can_lld.o (symbol from plugin)
                                                  build/obj/vectors.o (symbol from plugin)
Vector90                                          build/obj/hal_can_lld.o (symbol from plugin)
                                                  build/obj/vectors.o (symbol from plugin)
Vector94                                          build/obj/hal_can_lld.o (symbol from plugin)
                                                  build/obj/vectors.o (symbol from plugin)
Vector98                                          build/obj/hal_can_lld.o (symbol from plugin)
                                                  build/obj/vectors.o (symbol from plugin)
Vector9C                                          build/obj/vectors.o (symbol from plugin)
VectorA0                                          build/obj/vectors.o (symbol from plugin)
VectorA4                                          build/obj/vectors.o (symbol from plugin)
VectorA8                                          build/obj/vectors.o (symbol from plugin)
VectorAC                                          build/obj/vectors.o (symbol from plugin)
VectorB0                                          build/obj/hal_st_lld.o (symbol from plugin)
                                                  build/obj/vectors.o (symbol from plugin)
VectorB4                                          build/obj/vectors.o (symbol from plugin)
VectorB8                                          build/obj/vectors.o (symbol from plugin)
VectorBC                                          build/obj/vectors.o (symbol from plugin)
VectorC0                                          build/obj/vectors.o (symbol from plugin)
VectorC4                                          build/obj/vectors.o (symbol from plugin)
VectorC8                                          build/obj/vectors.o (symbol from plugin)
VectorCC                                          build/obj/vectors.o (symbol from plugin)
VectorD0                                          build/obj/vectors.o (symbol from plugin)
VectorD4                                          build/obj/hal_uart_lld.o (symbol from plugin)
                                                  build/obj/vectors.o (symbol from plugin)
VectorD8                                          build/obj/hal_serial_lld.o (symbol from plugin)
                                                  build/obj/vectors.o (symbol from plugin)
VectorDC                                          build/obj/vectors.o (symbol from plugin)
VectorE0                                          build/obj/vectors.o (symbol from plugin)
VectorE4                                          build/obj/vectors.o (symbol from plugin)
VectorE8                                          build/obj/vectors.o (symbol from plugin)
VectorEC                                          build/obj/vectors.o (symbol from plugin)
VectorF0                                          build/obj/vectors.o (symbol from plugin)
VectorF4                                          build/obj/vectors.o (symbol from plugin)
VectorF8                                          build/obj/vectors.o (symbol from plugin)
VectorFC                                          build/obj/stm32_dma.o (symbol from plugin)
                                                  build/obj/vectors.o (symbol from plugin)
__core_init                                       /var/folders/1z/0c84_lc574z3v3cssbkvvzmw0000gn/T//ccQgjFON.ltrans0.ltrans.o
                                                  build/obj/crt1.o (symbol from plugin)
                                                  build/obj/crt0_v7m.o
__default_exit                                    /var/folders/1z/0c84_lc574z3v3cssbkvvzmw0000gn/T//ccQgjFON.ltrans0.ltrans.o
                                                  build/obj/crt1.o (symbol from plugin)
                                                  build/obj/crt0_v7m.o
__early_init                                      /var/folders/1z/0c84_lc574z3v3cssbkvvzmw0000gn/T//ccQgjFON.ltrans0.ltrans.o
                                                  build/obj/board.o (symbol from plugin)
                                                  build/obj/crt1.o (symbol from plugin)
                                                  build/obj/crt0_v7m.o
__fini_array_end                                  build/obj/crt0_v7m.o
__fini_array_start                                build/obj/crt0_v7m.o
__heap_base__                                     /var/folders/1z/0c84_lc574z3v3cssbkvvzmw0000gn/T//ccQgjFON.ltrans0.ltrans.o
                                                  build/obj/chmemcore.o (symbol from plugin)
__heap_end__                                      /var/folders/1z/0c84_lc574z3v3cssbkvvzmw0000gn/T//ccQgjFON.ltrans0.ltrans.o
                                                  build/obj/chmemcore.o (symbol from plugin)
__init_array_end                                  build/obj/crt0_v7m.o
__init_array_start                                build/obj/crt0_v7m.o
__init_ram_areas                                  /var/folders/1z/0c84_lc574z3v3cssbkvvzmw0000gn/T//ccQgjFON.ltrans0.ltrans.o
                                                  build/obj/crt1.o (symbol from plugin)
                                                  build/obj/crt0_v7m.o
__late_init                                       /var/folders/1z/0c84_lc574z3v3cssbkvvzmw0000gn/T//ccQgjFON.ltrans0.ltrans.o
                                                  build/obj/crt1.o (symbol from plugin)
                                                  build/obj/crt0_v7m.o
__main_stack_base__                               build/obj/crt0_v7m.o
__main_stack_end__                                /var/folders/1z/0c84_lc574z3v3cssbkvvzmw0000gn/T//ccQgjFON.ltrans0.ltrans.o
                                                  build/obj/vectors.o (symbol from plugin)
                                                  build/obj/crt0_v7m.o
__process_stack_base__                            build/obj/crt0_v7m.o
__process_stack_end__                             build/obj/crt0_v7m.o
__ram0_clear__                                    /var/folders/1z/0c84_lc574z3v3cssbkvvzmw0000gn/T//ccQgjFON.ltrans0.ltrans.o
                                                  build/obj/crt1.o (symbol from plugin)
__ram0_init__                                     /var/folders/1z/0c84_lc574z3v3cssbkvvzmw0000gn/T//ccQgjFON.ltrans0.ltrans.o
                                                  build/obj/crt1.o (symbol from plugin)
__ram0_init_text__                                /var/folders/1z/0c84_lc574z3v3cssbkvvzmw0000gn/T//ccQgjFON.ltrans0.ltrans.o
                                                  build/obj/crt1.o (symbol from plugin)
__ram0_noinit__                                   /var/folders/1z/0c84_lc574z3v3cssbkvvzmw0000gn/T//ccQgjFON.ltrans0.ltrans.o
                                                  build/obj/crt1.o (symbol from plugin)
__ram1_clear__                                    /var/folders/1z/0c84_lc574z3v3cssbkvvzmw0000gn/T//ccQgjFON.ltrans0.ltrans.o
                                                  build/obj/crt1.o (symbol from plugin)
__ram1_init__                                     /var/folders/1z/0c84_lc574z3v3cssbkvvzmw0000gn/T//ccQgjFON.ltrans0.ltrans.o
                                                  build/obj/crt1.o (symbol from plugin)
__ram1_init_text__                                /var/folders/1z/0c84_lc574z3v3cssbkvvzmw0000gn/T//ccQgjFON.ltrans0.ltrans.o
                                                  build/obj/crt1.o (symbol from plugin)
__ram1_noinit__                                   /var/folders/1z/0c84_lc574z3v3cssbkvvzmw0000gn/T//ccQgjFON.ltrans0.ltrans.o
                                                  build/obj/crt1.o (symbol from plugin)
__ram2_clear__                                    /var/folders/1z/0c84_lc574z3v3cssbkvvzmw0000gn/T//ccQgjFON.ltrans0.ltrans.o
                                                  build/obj/crt1.o (symbol from plugin)
__ram2_init__                                     /var/folders/1z/0c84_lc574z3v3cssbkvvzmw0000gn/T//ccQgjFON.ltrans0.ltrans.o
                                                  build/obj/crt1.o (symbol from plugin)
__ram2_init_text__                                /var/folders/1z/0c84_lc574z3v3cssbkvvzmw0000gn/T//ccQgjFON.ltrans0.ltrans.o
                                                  build/obj/crt1.o (symbol from plugin)
__ram2_noinit__                                   /var/folders/1z/0c84_lc574z3v3cssbkvvzmw0000gn/T//ccQgjFON.ltrans0.ltrans.o
                                                  build/obj/crt1.o (symbol from plugin)
__ram3_clear__                                    /var/folders/1z/0c84_lc574z3v3cssbkvvzmw0000gn/T//ccQgjFON.ltrans0.ltrans.o
                                                  build/obj/crt1.o (symbol from plugin)
__ram3_init__                                     /var/folders/1z/0c84_lc574z3v3cssbkvvzmw0000gn/T//ccQgjFON.ltrans0.ltrans.o
                                                  build/obj/crt1.o (symbol from plugin)
__ram3_init_text__                                /var/folders/1z/0c84_lc574z3v3cssbkvvzmw0000gn/T//ccQgjFON.ltrans0.ltrans.o
                                                  build/obj/crt1.o (symbol from plugin)
__ram3_noinit__                                   /var/folders/1z/0c84_lc574z3v3cssbkvvzmw0000gn/T//ccQgjFON.ltrans0.ltrans.o
                                                  build/obj/crt1.o (symbol from plugin)
__ram4_clear__                                    /var/folders/1z/0c84_lc574z3v3cssbkvvzmw0000gn/T//ccQgjFON.ltrans0.ltrans.o
                                                  build/obj/crt1.o (symbol from plugin)
__ram4_init__                                     /var/folders/1z/0c84_lc574z3v3cssbkvvzmw0000gn/T//ccQgjFON.ltrans0.ltrans.o
                                                  build/obj/crt1.o (symbol from plugin)
__ram4_init_text__                                /var/folders/1z/0c84_lc574z3v3cssbkvvzmw0000gn/T//ccQgjFON.ltrans0.ltrans.o
                                                  build/obj/crt1.o (symbol from plugin)
__ram4_noinit__                                   /var/folders/1z/0c84_lc574z3v3cssbkvvzmw0000gn/T//ccQgjFON.ltrans0.ltrans.o
                                                  build/obj/crt1.o (symbol from plugin)
__ram5_clear__                                    /var/folders/1z/0c84_lc574z3v3cssbkvvzmw0000gn/T//ccQgjFON.ltrans0.ltrans.o
                                                  build/obj/crt1.o (symbol from plugin)
__ram5_init__                                     /var/folders/1z/0c84_lc574z3v3cssbkvvzmw0000gn/T//ccQgjFON.ltrans0.ltrans.o
                                                  build/obj/crt1.o (symbol from plugin)
__ram5_init_text__                                /var/folders/1z/0c84_lc574z3v3cssbkvvzmw0000gn/T//ccQgjFON.ltrans0.ltrans.o
                                                  build/obj/crt1.o (symbol from plugin)
__ram5_noinit__                                   /var/folders/1z/0c84_lc574z3v3cssbkvvzmw0000gn/T//ccQgjFON.ltrans0.ltrans.o
                                                  build/obj/crt1.o (symbol from plugin)
__ram6_clear__                                    /var/folders/1z/0c84_lc574z3v3cssbkvvzmw0000gn/T//ccQgjFON.ltrans0.ltrans.o
                                                  build/obj/crt1.o (symbol from plugin)
__ram6_init__                                     /var/folders/1z/0c84_lc574z3v3cssbkvvzmw0000gn/T//ccQgjFON.ltrans0.ltrans.o
                                                  build/obj/crt1.o (symbol from plugin)
__ram6_init_text__                                /var/folders/1z/0c84_lc574z3v3cssbkvvzmw0000gn/T//ccQgjFON.ltrans0.ltrans.o
                                                  build/obj/crt1.o (symbol from plugin)
__ram6_noinit__                                   /var/folders/1z/0c84_lc574z3v3cssbkvvzmw0000gn/T//ccQgjFON.ltrans0.ltrans.o
                                                  build/obj/crt1.o (symbol from plugin)
__ram7_clear__                                    /var/folders/1z/0c84_lc574z3v3cssbkvvzmw0000gn/T//ccQgjFON.ltrans0.ltrans.o
                                                  build/obj/crt1.o (symbol from plugin)
__ram7_init__                                     /var/folders/1z/0c84_lc574z3v3cssbkvvzmw0000gn/T//ccQgjFON.ltrans0.ltrans.o
                                                  build/obj/crt1.o (symbol from plugin)
__ram7_init_text__                                /var/folders/1z/0c84_lc574z3v3cssbkvvzmw0000gn/T//ccQgjFON.ltrans0.ltrans.o
                                                  build/obj/crt1.o (symbol from plugin)
__ram7_noinit__                                   /var/folders/1z/0c84_lc574z3v3cssbkvvzmw0000gn/T//ccQgjFON.ltrans0.ltrans.o
                                                  build/obj/crt1.o (symbol from plugin)
_bss_end                                          build/obj/crt0_v7m.o
_bss_start                                        build/obj/crt0_v7m.o
_core_init                                        build/obj/chmemcore.o (symbol from plugin)
                                                  build/obj/chsys.o (symbol from plugin)
_data_end                                         build/obj/crt0_v7m.o
_data_start                                       build/obj/crt0_v7m.o
_heap_init                                        build/obj/chheap.o (symbol from plugin)
                                                  build/obj/chsys.o (symbol from plugin)
_pal_lld_init                                     build/obj/hal_pal_lld.o (symbol from plugin)
                                                  build/obj/hal.o (symbol from plugin)
_pal_lld_setgroupmode                             build/obj/hal_pal_lld.o (symbol from plugin)
                                                  build/obj/main.o (symbol from plugin)
                                                  build/obj/hal_pal.o (symbol from plugin)
_port_exit_from_isr                               build/obj/chcoreasm_v7m.o
                                                  /var/folders/1z/0c84_lc574z3v3cssbkvvzmw0000gn/T//ccQgjFON.ltrans0.ltrans.o
                                                  build/obj/chcore_v7m.o (symbol from plugin)
_port_irq_epilogue                                build/obj/chcore_v7m.o (symbol from plugin)
                                                  build/obj/hal_uart_lld.o (symbol from plugin)
                                                  build/obj/hal_serial_lld.o (symbol from plugin)
                                                  build/obj/hal_st_lld.o (symbol from plugin)
                                                  build/obj/stm32_dma.o (symbol from plugin)
                                                  build/obj/hal_can_lld.o (symbol from plugin)
_port_switch                                      build/obj/chcoreasm_v7m.o
                                                  /var/folders/1z/0c84_lc574z3v3cssbkvvzmw0000gn/T//ccQgjFON.ltrans0.ltrans.o
                                                  build/obj/chschd.o (symbol from plugin)
_port_switch_from_isr                             build/obj/chcoreasm_v7m.o
                                                  /var/folders/1z/0c84_lc574z3v3cssbkvvzmw0000gn/T//ccQgjFON.ltrans0.ltrans.o
                                                  build/obj/chcore_v7m.o (symbol from plugin)
_port_thread_start                                build/obj/chcoreasm_v7m.o
                                                  /var/folders/1z/0c84_lc574z3v3cssbkvvzmw0000gn/T//ccQgjFON.ltrans0.ltrans.o
                                                  build/obj/chthreads.o (symbol from plugin)
_scheduler_init                                   build/obj/chschd.o (symbol from plugin)
                                                  build/obj/chsys.o (symbol from plugin)
_stm32_dma_streams                                build/obj/stm32_dma.o (symbol from plugin)
                                                  build/obj/hal_uart_lld.o (symbol from plugin)
_test_assert                                      build/obj/ch_test.o (symbol from plugin)
                                                  build/obj/test_sequence_011.o (symbol from plugin)
                                                  build/obj/test_sequence_010.o (symbol from plugin)
                                                  build/obj/test_sequence_009.o (symbol from plugin)
                                                  build/obj/test_sequence_008.o (symbol from plugin)
                                                  build/obj/test_sequence_007.o (symbol from plugin)
                                                  build/obj/test_sequence_005.o (symbol from plugin)
                                                  build/obj/test_sequence_004.o (symbol from plugin)
                                                  build/obj/test_sequence_003.o (symbol from plugin)
                                                  build/obj/test_sequence_002.o (symbol from plugin)
                                                  build/obj/test_sequence_001.o (symbol from plugin)
_test_assert_sequence                             build/obj/ch_test.o (symbol from plugin)
                                                  build/obj/test_sequence_011.o (symbol from plugin)
                                                  build/obj/test_sequence_008.o (symbol from plugin)
                                                  build/obj/test_sequence_007.o (symbol from plugin)
                                                  build/obj/test_sequence_006.o (symbol from plugin)
                                                  build/obj/test_sequence_005.o (symbol from plugin)
                                                  build/obj/test_sequence_004.o (symbol from plugin)
                                                  build/obj/test_sequence_002.o (symbol from plugin)
_test_assert_time_window                          build/obj/ch_test.o (symbol from plugin)
                                                  build/obj/test_sequence_007.o (symbol from plugin)
                                                  build/obj/test_sequence_004.o (symbol from plugin)
                                                  build/obj/test_sequence_003.o (symbol from plugin)
                                                  build/obj/test_sequence_002.o (symbol from plugin)
_test_fail                                        build/obj/ch_test.o (symbol from plugin)
_textdata_start                                   build/obj/crt0_v7m.o
_thread_init                                      build/obj/chthreads.o (symbol from plugin)
                                                  build/obj/chsys.o (symbol from plugin)
_tm_init                                          build/obj/chtm.o (symbol from plugin)
                                                  build/obj/chsys.o (symbol from plugin)
_unhandled_exception                              build/obj/vectors.o (symbol from plugin)
_vectors                                          /var/folders/1z/0c84_lc574z3v3cssbkvvzmw0000gn/T//ccQgjFON.ltrans0.ltrans.o
                                                  build/obj/vectors.o (symbol from plugin)
                                                  build/obj/crt0_v7m.o
_vt_init                                          build/obj/chvt.o (symbol from plugin)
                                                  build/obj/chsys.o (symbol from plugin)
boardInit                                         build/obj/board.o (symbol from plugin)
                                                  build/obj/hal.o (symbol from plugin)
canInit                                           build/obj/hal_can.o (symbol from plugin)
                                                  build/obj/hal.o (symbol from plugin)
canObjectInit                                     build/obj/hal_can.o (symbol from plugin)
                                                  build/obj/hal_can_lld.o (symbol from plugin)
canReceiveTimeout                                 build/obj/hal_can.o (symbol from plugin)
                                                  build/obj/main.o (symbol from plugin)
canSTM32SetFilters                                build/obj/hal_can_lld.o (symbol from plugin)
canSleep                                          build/obj/hal_can.o (symbol from plugin)
canStart                                          build/obj/hal_can.o (symbol from plugin)
                                                  build/obj/main.o (symbol from plugin)
canStop                                           build/obj/hal_can.o (symbol from plugin)
canTransmitTimeout                                build/obj/hal_can.o (symbol from plugin)
                                                  build/obj/main.o (symbol from plugin)
canTryReceiveI                                    build/obj/hal_can.o (symbol from plugin)
canTryTransmitI                                   build/obj/hal_can.o (symbol from plugin)
canWakeup                                         build/obj/hal_can.o (symbol from plugin)
can_lld_init                                      build/obj/hal_can_lld.o (symbol from plugin)
                                                  build/obj/hal_can.o (symbol from plugin)
can_lld_is_rx_nonempty                            build/obj/hal_can_lld.o (symbol from plugin)
                                                  build/obj/hal_can.o (symbol from plugin)
can_lld_is_tx_empty                               build/obj/hal_can_lld.o (symbol from plugin)
                                                  build/obj/hal_can.o (symbol from plugin)
can_lld_receive                                   build/obj/hal_can_lld.o (symbol from plugin)
                                                  build/obj/hal_can.o (symbol from plugin)
can_lld_sleep                                     build/obj/hal_can_lld.o (symbol from plugin)
                                                  build/obj/hal_can.o (symbol from plugin)
can_lld_start                                     build/obj/hal_can_lld.o (symbol from plugin)
                                                  build/obj/hal_can.o (symbol from plugin)
can_lld_stop                                      build/obj/hal_can_lld.o (symbol from plugin)
                                                  build/obj/hal_can.o (symbol from plugin)
can_lld_transmit                                  build/obj/hal_can_lld.o (symbol from plugin)
                                                  build/obj/hal_can.o (symbol from plugin)
can_lld_wakeup                                    build/obj/hal_can_lld.o (symbol from plugin)
                                                  build/obj/hal_can.o (symbol from plugin)
ch                                                build/obj/chschd.o (symbol from plugin)
                                                  build/obj/main.o (symbol from plugin)
                                                  build/obj/test_sequence_012.o (symbol from plugin)
                                                  build/obj/test_sequence_011.o (symbol from plugin)
                                                  build/obj/test_sequence_007.o (symbol from plugin)
                                                  build/obj/test_sequence_006.o (symbol from plugin)
                                                  build/obj/test_sequence_005.o (symbol from plugin)
                                                  build/obj/test_sequence_004.o (symbol from plugin)
                                                  build/obj/test_sequence_003.o (symbol from plugin)
                                                  build/obj/test_sequence_002.o (symbol from plugin)
                                                  build/obj/chmsg.o (symbol from plugin)
                                                  build/obj/chevents.o (symbol from plugin)
                                                  build/obj/chcond.o (symbol from plugin)
                                                  build/obj/chmtx.o (symbol from plugin)
                                                  build/obj/chsem.o (symbol from plugin)
                                                  build/obj/chregistry.o (symbol from plugin)
                                                  build/obj/chtm.o (symbol from plugin)
                                                  build/obj/chthreads.o (symbol from plugin)
                                                  build/obj/chvt.o (symbol from plugin)
                                                  build/obj/chsys.o (symbol from plugin)
chCondBroadcast                                   build/obj/chcond.o (symbol from plugin)
                                                  build/obj/test_sequence_005.o (symbol from plugin)
chCondBroadcastI                                  build/obj/chcond.o (symbol from plugin)
chCondObjectInit                                  build/obj/chcond.o (symbol from plugin)
                                                  build/obj/test_sequence_005.o (symbol from plugin)
chCondSignal                                      build/obj/chcond.o (symbol from plugin)
                                                  build/obj/test_sequence_005.o (symbol from plugin)
chCondSignalI                                     build/obj/chcond.o (symbol from plugin)
                                                  build/obj/test_sequence_005.o (symbol from plugin)
chCondWait                                        build/obj/chcond.o (symbol from plugin)
                                                  build/obj/test_sequence_005.o (symbol from plugin)
chCondWaitS                                       build/obj/chcond.o (symbol from plugin)
chCondWaitTimeout                                 build/obj/chcond.o (symbol from plugin)
                                                  build/obj/test_sequence_005.o (symbol from plugin)
chCondWaitTimeoutS                                build/obj/chcond.o (symbol from plugin)
chCoreAllocAligned                                build/obj/chmemcore.o (symbol from plugin)
                                                  build/obj/chheap.o (symbol from plugin)
chCoreAllocAlignedI                               build/obj/chmemcore.o (symbol from plugin)
chCoreGetStatusX                                  build/obj/chmemcore.o (symbol from plugin)
chEvtAddEvents                                    build/obj/chevents.o (symbol from plugin)
                                                  build/obj/test_sequence_007.o (symbol from plugin)
chEvtBroadcastFlags                               build/obj/chevents.o (symbol from plugin)
                                                  build/obj/test_sequence_007.o (symbol from plugin)
chEvtBroadcastFlagsI                              build/obj/chevents.o (symbol from plugin)
                                                  build/obj/hal_serial_lld.o (symbol from plugin)
                                                  build/obj/hal_can_lld.o (symbol from plugin)
                                                  build/obj/hal_serial.o (symbol from plugin)
                                                  build/obj/hal_can.o (symbol from plugin)
chEvtDispatch                                     build/obj/chevents.o (symbol from plugin)
                                                  build/obj/test_sequence_007.o (symbol from plugin)
chEvtGetAndClearEvents                            build/obj/chevents.o (symbol from plugin)
                                                  build/obj/test_sequence_007.o (symbol from plugin)
chEvtGetAndClearFlags                             build/obj/chevents.o (symbol from plugin)
chEvtGetAndClearFlagsI                            build/obj/chevents.o (symbol from plugin)
chEvtRegisterMaskWithFlags                        build/obj/chevents.o (symbol from plugin)
                                                  build/obj/main.o (symbol from plugin)
                                                  build/obj/test_sequence_007.o (symbol from plugin)
chEvtSignal                                       build/obj/chevents.o (symbol from plugin)
                                                  build/obj/test_sequence_007.o (symbol from plugin)
chEvtSignalI                                      build/obj/chevents.o (symbol from plugin)
chEvtUnregister                                   build/obj/chevents.o (symbol from plugin)
                                                  build/obj/test_sequence_007.o (symbol from plugin)
chEvtWaitAll                                      build/obj/chevents.o (symbol from plugin)
                                                  build/obj/test_sequence_007.o (symbol from plugin)
chEvtWaitAllTimeout                               build/obj/chevents.o (symbol from plugin)
                                                  build/obj/test_sequence_007.o (symbol from plugin)
chEvtWaitAny                                      build/obj/chevents.o (symbol from plugin)
                                                  build/obj/test_sequence_007.o (symbol from plugin)
chEvtWaitAnyTimeout                               build/obj/chevents.o (symbol from plugin)
                                                  build/obj/main.o (symbol from plugin)
                                                  build/obj/test_sequence_007.o (symbol from plugin)
chEvtWaitOne                                      build/obj/chevents.o (symbol from plugin)
                                                  build/obj/test_sequence_007.o (symbol from plugin)
chEvtWaitOneTimeout                               build/obj/chevents.o (symbol from plugin)
                                                  build/obj/test_sequence_007.o (symbol from plugin)
chGuardedPoolAllocTimeout                         build/obj/chmempools.o (symbol from plugin)
                                                  build/obj/test_sequence_009.o (symbol from plugin)
chGuardedPoolAllocTimeoutS                        build/obj/chmempools.o (symbol from plugin)
chGuardedPoolFree                                 build/obj/chmempools.o (symbol from plugin)
                                                  build/obj/test_sequence_009.o (symbol from plugin)
chGuardedPoolFreeI                                build/obj/chmempools.o (symbol from plugin)
chGuardedPoolLoadArray                            build/obj/chmempools.o (symbol from plugin)
                                                  build/obj/test_sequence_009.o (symbol from plugin)
chGuardedPoolObjectInit                           build/obj/chmempools.o (symbol from plugin)
                                                  build/obj/test_sequence_009.o (symbol from plugin)
chHeapAllocAligned                                build/obj/chheap.o (symbol from plugin)
                                                  build/obj/test_sequence_010.o (symbol from plugin)
                                                  build/obj/chdynamic.o (symbol from plugin)
chHeapFree                                        build/obj/chheap.o (symbol from plugin)
                                                  build/obj/test_sequence_010.o (symbol from plugin)
                                                  build/obj/chthreads.o (symbol from plugin)
chHeapObjectInit                                  build/obj/chheap.o (symbol from plugin)
                                                  build/obj/test_sequence_011.o (symbol from plugin)
                                                  build/obj/test_sequence_010.o (symbol from plugin)
chHeapStatus                                      build/obj/chheap.o (symbol from plugin)
                                                  build/obj/test_sequence_011.o (symbol from plugin)
                                                  build/obj/test_sequence_010.o (symbol from plugin)
chMBFetch                                         build/obj/chmboxes.o (symbol from plugin)
                                                  build/obj/test_sequence_008.o (symbol from plugin)
chMBFetchI                                        build/obj/chmboxes.o (symbol from plugin)
                                                  build/obj/test_sequence_008.o (symbol from plugin)
chMBFetchS                                        build/obj/chmboxes.o (symbol from plugin)
chMBObjectInit                                    build/obj/chmboxes.o (symbol from plugin)
                                                  build/obj/test_sequence_008.o (symbol from plugin)
chMBPost                                          build/obj/chmboxes.o (symbol from plugin)
                                                  build/obj/test_sequence_008.o (symbol from plugin)
chMBPostAhead                                     build/obj/chmboxes.o (symbol from plugin)
                                                  build/obj/test_sequence_008.o (symbol from plugin)
chMBPostAheadI                                    build/obj/chmboxes.o (symbol from plugin)
[...]
                                                  build/obj/hal_serial.o (symbol from plugin)
iqObjectInit                                      build/obj/hal_queues.o (symbol from plugin)
                                                  build/obj/hal_serial.o (symbol from plugin)
iqPutI                                            build/obj/hal_queues.o (symbol from plugin)
                                                  build/obj/hal_serial.o (symbol from plugin)
iqReadTimeout                                     build/obj/hal_queues.o (symbol from plugin)
                                                  build/obj/hal_serial.o (symbol from plugin)
iqResetI                                          build/obj/hal_queues.o (symbol from plugin)
                                                  build/obj/hal_serial.o (symbol from plugin)
main                                              /var/folders/1z/0c84_lc574z3v3cssbkvvzmw0000gn/T//ccQgjFON.ltrans0.ltrans.o
                                                  build/obj/main.o (symbol from plugin)
                                                  build/obj/crt0_v7m.o
nvicClearPending                                  build/obj/nvic.o (symbol from plugin)
nvicDisableVector                                 build/obj/nvic.o (symbol from plugin)
                                                  build/obj/hal_uart_lld.o (symbol from plugin)
                                                  build/obj/hal_serial_lld.o (symbol from plugin)
                                                  build/obj/stm32_dma.o (symbol from plugin)
                                                  build/obj/hal_can_lld.o (symbol from plugin)
nvicEnableVector                                  build/obj/nvic.o (symbol from plugin)
                                                  build/obj/hal_uart_lld.o (symbol from plugin)
                                                  build/obj/hal_serial_lld.o (symbol from plugin)
                                                  build/obj/hal_st_lld.o (symbol from plugin)
                                                  build/obj/stm32_dma.o (symbol from plugin)
                                                  build/obj/hal_can_lld.o (symbol from plugin)
nvicSetSystemHandlerPriority                      build/obj/nvic.o (symbol from plugin)
obqFlush                                          build/obj/hal_buffers.o (symbol from plugin)
obqGetEmptyBufferTimeout                          build/obj/hal_buffers.o (symbol from plugin)
obqGetEmptyBufferTimeoutS                         build/obj/hal_buffers.o (symbol from plugin)
obqGetFullBufferI                                 build/obj/hal_buffers.o (symbol from plugin)
obqObjectInit                                     build/obj/hal_buffers.o (symbol from plugin)
obqPostFullBuffer                                 build/obj/hal_buffers.o (symbol from plugin)
obqPostFullBufferS                                build/obj/hal_buffers.o (symbol from plugin)
obqPutTimeout                                     build/obj/hal_buffers.o (symbol from plugin)
obqReleaseEmptyBufferI                            build/obj/hal_buffers.o (symbol from plugin)
obqResetI                                         build/obj/hal_buffers.o (symbol from plugin)
obqTryFlushI                                      build/obj/hal_buffers.o (symbol from plugin)
obqWriteTimeout                                   build/obj/hal_buffers.o (symbol from plugin)
oqGetI                                            build/obj/hal_queues.o (symbol from plugin)
                                                  build/obj/hal_serial_lld.o (symbol from plugin)
                                                  build/obj/hal_serial.o (symbol from plugin)
oqObjectInit                                      build/obj/hal_queues.o (symbol from plugin)
                                                  build/obj/hal_serial.o (symbol from plugin)
oqPutTimeout                                      build/obj/hal_queues.o (symbol from plugin)
                                                  build/obj/hal_serial.o (symbol from plugin)
oqResetI                                          build/obj/hal_queues.o (symbol from plugin)
                                                  build/obj/hal_serial.o (symbol from plugin)
oqWriteTimeout                                    build/obj/hal_queues.o (symbol from plugin)
                                                  build/obj/hal_serial.o (symbol from plugin)
palReadBus                                        build/obj/hal_pal.o (symbol from plugin)
palSetBusMode                                     build/obj/hal_pal.o (symbol from plugin)
palWriteBus                                       build/obj/hal_pal.o (symbol from plugin)
pal_default_config                                build/obj/board.o (symbol from plugin)
                                                  build/obj/hal.o (symbol from plugin)
sdGetWouldBlock                                   build/obj/hal_serial.o (symbol from plugin)
sdIncomingDataI                                   build/obj/hal_serial.o (symbol from plugin)
                                                  build/obj/hal_serial_lld.o (symbol from plugin)
sdInit                                            build/obj/hal_serial.o (symbol from plugin)
                                                  build/obj/hal.o (symbol from plugin)
sdObjectInit                                      build/obj/hal_serial.o (symbol from plugin)
                                                  build/obj/hal_serial_lld.o (symbol from plugin)
sdPutWouldBlock                                   build/obj/hal_serial.o (symbol from plugin)
sdRequestDataI                                    build/obj/hal_serial.o (symbol from plugin)
sdStart                                           build/obj/hal_serial.o (symbol from plugin)
                                                  build/obj/main.o (symbol from plugin)
sdStop                                            build/obj/hal_serial.o (symbol from plugin)
sd_lld_init                                       build/obj/hal_serial_lld.o (symbol from plugin)
                                                  build/obj/hal_serial.o (symbol from plugin)
sd_lld_start                                      build/obj/hal_serial_lld.o (symbol from plugin)
                                                  build/obj/hal_serial.o (symbol from plugin)
sd_lld_stop                                       build/obj/hal_serial_lld.o (symbol from plugin)
                                                  build/obj/hal_serial.o (symbol from plugin)
setMotorSpeed                                     build/obj/main.o (symbol from plugin)
stGetAlarm                                        build/obj/hal_st.o (symbol from plugin)
stInit                                            build/obj/hal_st.o (symbol from plugin)
                                                  build/obj/hal.o (symbol from plugin)
stSetAlarm                                        build/obj/hal_st.o (symbol from plugin)
                                                  build/obj/chvt.o (symbol from plugin)
                                                  build/obj/chsys.o (symbol from plugin)
stStartAlarm                                      build/obj/hal_st.o (symbol from plugin)
                                                  build/obj/chvt.o (symbol from plugin)
stStopAlarm                                       build/obj/hal_st.o (symbol from plugin)
                                                  build/obj/chvt.o (symbol from plugin)
                                                  build/obj/chsys.o (symbol from plugin)
st_lld_init                                       build/obj/hal_st_lld.o (symbol from plugin)
                                                  build/obj/hal_st.o (symbol from plugin)
stm32_clock_init                                  build/obj/hal_lld.o (symbol from plugin)
                                                  build/obj/board.o (symbol from plugin)
test_buffer                                       build/obj/test_root.o (symbol from plugin)
                                                  build/obj/test_sequence_011.o (symbol from plugin)
                                                  build/obj/test_sequence_010.o (symbol from plugin)
test_emit_token                                   build/obj/ch_test.o (symbol from plugin)
                                                  build/obj/test_sequence_011.o (symbol from plugin)
                                                  build/obj/test_sequence_008.o (symbol from plugin)
                                                  build/obj/test_sequence_007.o (symbol from plugin)
                                                  build/obj/test_sequence_006.o (symbol from plugin)
                                                  build/obj/test_sequence_005.o (symbol from plugin)
                                                  build/obj/test_sequence_004.o (symbol from plugin)
                                                  build/obj/test_sequence_003.o (symbol from plugin)
                                                  build/obj/test_sequence_002.o (symbol from plugin)
test_emit_token_i                                 build/obj/ch_test.o (symbol from plugin)
test_execute                                      build/obj/ch_test.o (symbol from plugin)
test_global_fail                                  build/obj/ch_test.o (symbol from plugin)
test_heap                                         build/obj/test_sequence_010.o (symbol from plugin)
test_print                                        build/obj/ch_test.o (symbol from plugin)
                                                  build/obj/test_sequence_012.o (symbol from plugin)
test_println                                      build/obj/ch_test.o (symbol from plugin)
                                                  build/obj/test_sequence_012.o (symbol from plugin)
test_printn                                       build/obj/ch_test.o (symbol from plugin)
                                                  build/obj/test_sequence_012.o (symbol from plugin)
test_sequence_001                                 build/obj/test_sequence_001.o (symbol from plugin)
                                                  build/obj/test_root.o (symbol from plugin)
test_sequence_002                                 build/obj/test_sequence_002.o (symbol from plugin)
                                                  build/obj/test_root.o (symbol from plugin)
test_sequence_003                                 build/obj/test_sequence_003.o (symbol from plugin)
                                                  build/obj/test_root.o (symbol from plugin)
test_sequence_004                                 build/obj/test_sequence_004.o (symbol from plugin)
                                                  build/obj/test_root.o (symbol from plugin)
test_sequence_005                                 build/obj/test_sequence_005.o (symbol from plugin)
                                                  build/obj/test_root.o (symbol from plugin)
test_sequence_006                                 build/obj/test_sequence_006.o (symbol from plugin)
                                                  build/obj/test_root.o (symbol from plugin)
test_sequence_007                                 build/obj/test_sequence_007.o (symbol from plugin)
                                                  build/obj/test_root.o (symbol from plugin)
test_sequence_008                                 build/obj/test_sequence_008.o (symbol from plugin)
                                                  build/obj/test_root.o (symbol from plugin)
test_sequence_009                                 build/obj/test_sequence_009.o (symbol from plugin)
                                                  build/obj/test_root.o (symbol from plugin)
test_sequence_010                                 build/obj/test_sequence_010.o (symbol from plugin)
                                                  build/obj/test_root.o (symbol from plugin)
test_sequence_011                                 build/obj/test_sequence_011.o (symbol from plugin)
                                                  build/obj/test_root.o (symbol from plugin)
test_sequence_012                                 build/obj/test_sequence_012.o (symbol from plugin)
                                                  build/obj/test_root.o (symbol from plugin)
test_step                                         build/obj/ch_test.o (symbol from plugin)
                                                  build/obj/test_sequence_012.o (symbol from plugin)
                                                  build/obj/test_sequence_011.o (symbol from plugin)
                                                  build/obj/test_sequence_010.o (symbol from plugin)
                                                  build/obj/test_sequence_009.o (symbol from plugin)
                                                  build/obj/test_sequence_008.o (symbol from plugin)
                                                  build/obj/test_sequence_007.o (symbol from plugin)
                                                  build/obj/test_sequence_006.o (symbol from plugin)
                                                  build/obj/test_sequence_005.o (symbol from plugin)
                                                  build/obj/test_sequence_004.o (symbol from plugin)
                                                  build/obj/test_sequence_003.o (symbol from plugin)
                                                  build/obj/test_sequence_002.o (symbol from plugin)
                                                  build/obj/test_sequence_001.o (symbol from plugin)
test_suite                                        build/obj/test_root.o (symbol from plugin)
                                                  build/obj/ch_test.o (symbol from plugin)
test_terminate_threads                            build/obj/test_root.o (symbol from plugin)
                                                  build/obj/test_sequence_012.o (symbol from plugin)
test_wait_threads                                 build/obj/test_root.o (symbol from plugin)
                                                  build/obj/test_sequence_012.o (symbol from plugin)
                                                  build/obj/test_sequence_011.o (symbol from plugin)
                                                  build/obj/test_sequence_007.o (symbol from plugin)
                                                  build/obj/test_sequence_006.o (symbol from plugin)
                                                  build/obj/test_sequence_005.o (symbol from plugin)
                                                  build/obj/test_sequence_004.o (symbol from plugin)
                                                  build/obj/test_sequence_003.o (symbol from plugin)
                                                  build/obj/test_sequence_002.o (symbol from plugin)
test_wait_tick                                    build/obj/test_root.o (symbol from plugin)
                                                  build/obj/test_sequence_012.o (symbol from plugin)
                                                  build/obj/test_sequence_007.o (symbol from plugin)
                                                  build/obj/test_sequence_004.o (symbol from plugin)
threads                                           build/obj/test_root.o (symbol from plugin)
                                                  build/obj/test_sequence_012.o (symbol from plugin)
                                                  build/obj/test_sequence_011.o (symbol from plugin)
                                                  build/obj/test_sequence_007.o (symbol from plugin)
                                                  build/obj/test_sequence_006.o (symbol from plugin)
                                                  build/obj/test_sequence_005.o (symbol from plugin)
                                                  build/obj/test_sequence_004.o (symbol from plugin)
                                                  build/obj/test_sequence_003.o (symbol from plugin)
                                                  build/obj/test_sequence_002.o (symbol from plugin)
uartInit                                          build/obj/hal_uart.o (symbol from plugin)
                                                  build/obj/hal.o (symbol from plugin)
uartObjectInit                                    build/obj/hal_uart.o (symbol from plugin)
                                                  build/obj/hal_uart_lld.o (symbol from plugin)
uartStart                                         build/obj/hal_uart.o (symbol from plugin)
uartStartReceive                                  build/obj/hal_uart.o (symbol from plugin)
uartStartReceiveI                                 build/obj/hal_uart.o (symbol from plugin)
uartStartSend                                     build/obj/hal_uart.o (symbol from plugin)
uartStartSendI                                    build/obj/hal_uart.o (symbol from plugin)
uartStop                                          build/obj/hal_uart.o (symbol from plugin)
uartStopReceive                                   build/obj/hal_uart.o (symbol from plugin)
uartStopReceiveI                                  build/obj/hal_uart.o (symbol from plugin)
uartStopSend                                      build/obj/hal_uart.o (symbol from plugin)
uartStopSendI                                     build/obj/hal_uart.o (symbol from plugin)
uart_lld_init                                     build/obj/hal_uart_lld.o (symbol from plugin)
                                                  build/obj/hal_uart.o (symbol from plugin)
uart_lld_start                                    build/obj/hal_uart_lld.o (symbol from plugin)
                                                  build/obj/hal_uart.o (symbol from plugin)
uart_lld_start_receive                            build/obj/hal_uart_lld.o (symbol from plugin)
                                                  build/obj/hal_uart.o (symbol from plugin)
uart_lld_start_send                               build/obj/hal_uart_lld.o (symbol from plugin)
                                                  build/obj/hal_uart.o (symbol from plugin)
uart_lld_stop                                     build/obj/hal_uart_lld.o (symbol from plugin)
                                                  build/obj/hal_uart.o (symbol from plugin)
uart_lld_stop_receive                             build/obj/hal_uart_lld.o (symbol from plugin)
                                                  build/obj/hal_uart.o (symbol from plugin)
uart_lld_stop_send                                build/obj/hal_uart_lld.o (symbol from plugin)
                                                  build/obj/hal_uart.o (symbol from plugin)
wa                                                build/obj/test_root.o (symbol from plugin)
                                                  build/obj/test_sequence_012.o (symbol from plugin)
                                                  build/obj/test_sequence_011.o (symbol from plugin)
                                                  build/obj/test_sequence_007.o (symbol from plugin)
                                                  build/obj/test_sequence_006.o (symbol from plugin)
                                                  build/obj/test_sequence_005.o (symbol from plugin)
                                                  build/obj/test_sequence_004.o (symbol from plugin)
                                                  build/obj/test_sequence_003.o (symbol from plugin)
                                                  build/obj/test_sequence_002.o (symbol from plugin)
